StructureID|AtomID|DFT_Fx|DFT_Fy|DFT_Fz|NN_Fx|NN_Fy|NN_Fz
0|0|1.393883|-0.197575|-0.655714|1.8462982|-0.08260116|-1.1761281
0|1|1.127515|0.017307|-0.401853|1.3178128|0.52096164|-1.0111299
0|2|1.445074|-0.22976|-0.594712|1.638547|0.008342147|-1.1830935
0|3|1.081387|-0.016798|-0.485766|1.2468398|0.5622667|-1.0582086
0|4|1.430184|-0.267094|-0.670545|1.7383437|-0.060299844|-1.2856654
0|5|1.087063|0.025657|-0.42446|1.3317757|0.6974564|-1.0760595
0|6|1.064674|-0.027095|-0.611859|1.2243437|0.6809635|-1.1941872
0|7|1.091201|0.033281|-0.62539|1.3331493|0.54598296|-1.0445056
0|8|0.70273|0.258421|1.639375|0.6273814|0.374936|1.1336035
0|9|0.720031|0.356715|1.133256|0.308704|0.61146754|0.9371153
0|10|0.648886|0.288061|1.581801|0.31848752|0.40575352|1.1459087
0|11|0.681015|0.360282|1.068766|0.19581565|0.9173802|0.6033654
0|12|0.639577|0.272061|1.68106|0.44292066|0.38552904|1.2501013
0|13|0.657228|0.375587|1.011599|0.3363831|0.9510799|0.5090312
0|14|0.919307|0.360271|1.078431|0.77786267|0.42240494|0.9466336
0|15|0.848901|0.409414|1.111966|0.3305222|0.92185897|0.64409703
0|16|-0.521274|-1.154173|-0.521585|-0.5571892|-0.92320186|-0.02833435
0|17|-0.388944|-1.673258|-0.034256|-0.34923908|-1.4805219|-0.63129187
0|18|-0.54549|-1.190177|-0.550192|-0.48600075|-1.2848572|-0.21605515
0|19|-0.434637|-1.630837|-0.127515|-0.3540326|-1.5295378|-0.55819935
0|20|-0.45201|-1.233769|-0.510965|-0.6219507|-1.3483207|0.00074517727
0|21|-0.40944|-1.523956|-0.172932|-0.33502695|-1.4246645|-0.5070953
0|22|-0.255854|-1.792185|-0.296275|-0.3200218|-1.223359|-0.33136535
0|23|-0.360353|-1.622797|-0.247698|-0.5289844|-1.3788285|-0.4304479
0|24|-1.393883|0.197575|0.655714|-1.8462951|0.082592994|1.176121
0|25|-1.127515|-0.017307|0.401853|-1.3178103|-0.5209738|1.0111332
0|26|-1.445074|0.22976|0.594712|-1.6385348|-0.008334786|1.1830873
0|27|-1.081387|0.016798|0.485766|-1.2468286|-0.56227654|1.0582274
0|28|-1.430184|0.267094|0.670545|-1.7383463|0.060290962|1.2856605
0|29|-1.087063|-0.025657|0.42446|-1.3317811|-0.6974536|1.0760523
0|30|-1.064674|0.027095|0.611859|-1.2243346|-0.68096256|1.1941812
0|31|-1.091201|-0.033281|0.62539|-1.3331414|-0.5459788|1.0445135
0|32|-0.70273|-0.258421|-1.639375|-0.62737787|-0.3749549|-1.1336019
0|33|-0.720031|-0.356715|-1.133256|-0.3087025|-0.61147046|-0.9371096
0|34|-0.648886|-0.288061|-1.581801|-0.31848505|-0.4057575|-1.1459074
0|35|-0.681015|-0.360282|-1.068766|-0.19580899|-0.9173821|-0.6033577
0|36|-0.639577|-0.272061|-1.68106|-0.4429165|-0.38552678|-1.2500906
0|37|-0.657228|-0.375587|-1.011599|-0.33638367|-0.95107764|-0.5090269
0|38|-0.919307|-0.360271|-1.078431|-0.7778764|-0.42240718|-0.9466358
0|39|-0.848901|-0.409414|-1.111966|-0.33053023|-0.92184067|-0.6440941
0|40|0.521274|1.154173|0.521585|0.55719036|0.92319244|0.028336972
0|41|0.388944|1.673258|0.034256|0.34925282|1.4805198|0.6312951
0|42|0.54549|1.190177|0.550192|0.48599225|1.2848607|0.2160449
0|43|0.434637|1.630837|0.127515|0.35404623|1.5295355|0.5582035
0|44|0.45201|1.233769|0.510965|0.6219438|1.3483291|-0.00074368715
0|45|0.40944|1.523956|0.172932|0.33501965|1.4246571|0.5070911
0|46|0.255854|1.792185|0.296275|0.3200229|1.2233596|0.33136
0|47|0.360353|1.622797|0.247698|0.5289911|1.3788427|0.43044317
0|48|-0.812815|1.563307|-0.999961|-0.7231735|1.7988864|-0.92517865
0|49|-0.83333|1.478629|-1.183047|-0.9024692|2.1198196|-1.3824494
0|50|-0.799709|1.568136|-0.956759|-0.80156887|1.8944106|-0.8865275
0|51|-0.846637|1.574426|-1.196415|-0.9221022|2.1431234|-1.3036375
0|52|-0.817518|1.587998|-0.990764|-0.87007445|2.3253412|-1.4148169
0|53|-0.950375|1.570298|-1.133505|-1.209858|1.9905024|-1.325681
0|54|-0.812707|1.617876|-0.950528|-0.8132175|1.5731378|-1.0511268
0|55|-0.778065|1.462318|-0.993571|-0.7720891|2.1936812|-1.2412814
0|56|-0.24965|1.906481|-1.010568|-0.41809866|1.5201337|-1.6910894
0|57|-0.160278|1.739321|-1.016926|-0.24748307|1.7446623|-1.807672
0|58|-0.158489|1.833835|-0.838296|-0.4601539|2.1553092|-1.4339964
0|59|-0.16455|1.837501|-0.994932|-0.024718791|1.6002457|-1.7988273
0|60|-0.33242|1.902867|-0.952096|0.09139851|1.6216831|-1.374903
0|61|-0.178087|1.796862|-1.024869|-0.1613956|1.7063887|-1.7778134
0|62|-0.276094|1.882954|-0.894261|-0.5274943|1.5010766|-1.3117435
0|63|-0.188423|1.711194|-1.01875|-0.20328176|1.6497782|-1.6733186
0|64|0.024229|-1.119764|0.664117|-0.114220604|-0.98622745|0.29323554
0|65|0.136677|-0.973473|0.635801|0.17214835|-0.60663056|1.1541278
0|66|0.008275|-1.123842|0.653257|-0.27400804|-0.58606666|0.48309836
0|67|0.024591|-1.116467|0.705527|-0.016001761|-0.791837|0.8012227
0|68|0.048177|-1.043697|0.628736|-0.17773671|-0.9928415|0.32545638
0|69|0.145107|-1.115403|0.677119|0.20635197|-0.658589|1.0946864
0|70|0.051587|-1.100941|0.637376|0.30022693|-0.851953|0.57906294
0|71|0.14421|-1.083202|0.735562|0.37924442|-0.57458633|0.8901612
0|72|0.812815|-1.563307|0.999961|0.7231818|-1.7988818|0.92518175
0|73|0.83333|-1.478629|1.183047|0.902472|-2.1198196|1.3824494
0|74|0.799709|-1.568136|0.956759|0.80156344|-1.8944056|0.8865262
0|75|0.846637|-1.574426|1.196415|0.9221035|-2.1431298|1.3036448
0|76|0.817518|-1.587998|0.990764|0.8700652|-2.3253295|1.4148182
0|77|0.950375|-1.570298|1.133505|1.2098515|-1.9904916|1.3256861
0|78|0.812707|-1.617876|0.950528|0.8132074|-1.5731292|1.0511332
0|79|0.778065|-1.462318|0.993571|0.772099|-2.1936784|1.2412884
0|80|0.24965|-1.906481|1.010568|0.418104|-1.5201306|1.6910831
0|81|0.160278|-1.739321|1.016926|0.24749364|-1.7446561|1.8076687
0|82|0.158489|-1.833835|0.838296|0.46015415|-2.1553035|1.4339964
0|83|0.16455|-1.837501|0.994932|0.024729043|-1.6002471|1.7988226
0|84|0.33242|-1.902867|0.952096|-0.09140546|-1.6216729|1.374893
0|85|0.178087|-1.796862|1.024869|0.16139863|-1.70637|1.7777953
0|86|0.276094|-1.882954|0.894261|0.52750003|-1.5010734|1.311733
0|87|0.188423|-1.711194|1.01875|0.20328398|-1.6497874|1.6733197
0|88|-0.024229|1.119764|-0.664117|0.11422821|0.9862285|-0.2932401
0|89|-0.136677|0.973473|-0.635801|-0.17214598|0.6066334|-1.1541191
0|90|-0.008275|1.123842|-0.653257|0.2739915|0.5860679|-0.48309875
0|91|-0.024591|1.116467|-0.705527|0.015990391|0.7918278|-0.80122364
0|92|-0.048177|1.043697|-0.628736|0.17772228|0.99284434|-0.32545853
0|93|-0.145107|1.115403|-0.677119|-0.2063473|0.6585734|-1.0946869
0|94|-0.051587|1.100941|-0.637376|-0.3002491|0.85194904|-0.5790682
0|95|-0.14421|1.083202|-0.735562|-0.37923884|0.5745754|-0.8901541
0|96|-0.0|-0.0|0.0|-1.4673715e-06|-2.1078013e-06|2.3036846e-06
0|97|-0.0|-0.0|0.0|-2.7334318e-06|2.2482127e-06|-2.6430935e-06
0|98|-0.0|-0.0|0.0|2.1944288e-07|-1.9817962e-06|-4.2899046e-07
0|99|-0.0|-0.0|0.0|5.8982987e-06|4.103873e-06|3.138237e-06
0|100|-0.0|-0.0|0.0|-9.641633e-06|-6.824732e-06|-3.8719736e-06
0|101|-2.308916|1.206255|-1.562641|-2.5131812|1.6202662|-1.698792
0|102|-2.178223|1.687602|-1.699031|-2.5876355|1.8072726|-1.7407501
0|103|-2.30129|1.183312|-1.541341|-2.4488652|1.7976434|-1.8878243
0|104|-2.245594|1.734434|-1.660436|-2.7376657|1.7043042|-1.9024597
0|105|-2.386634|1.304413|-1.619824|-2.5788407|1.692359|-1.8090694
0|106|-2.237861|1.648579|-1.629706|-2.5615532|1.7356732|-1.979248
0|107|-2.296089|1.778876|-1.430358|-2.7574086|2.0439239|-1.2798789
0|108|-2.23943|1.651805|-1.446263|-2.7031505|1.881012|-1.2784938
0|109|2.308916|-1.206255|1.562641|2.5131822|-1.6202617|1.6987793
0|110|2.178223|-1.687602|1.699031|2.5876322|-1.8072711|1.7407489
0|111|2.30129|-1.183312|1.541341|2.4488614|-1.7976407|1.8878198
0|112|2.245594|-1.734434|1.660436|2.7376623|-1.7043171|1.9024706
0|113|2.386634|-1.304413|1.619824|2.578851|-1.6923487|1.8090738
0|114|2.237861|-1.648579|1.629706|2.5615544|-1.7356648|1.9792557
0|115|2.296089|-1.778876|1.430358|2.7574062|-2.0439258|1.2798843
0|116|2.23943|-1.651805|1.446263|2.7031388|-1.8810296|1.2784925
0|117|-0.0|-0.0|0.0|8.363277e-07|3.936002e-07|3.882451e-07
0|118|-0.0|-0.0|0.0|2.8116629e-06|1.8789433e-07|-3.1597256e-06
0|119|-0.0|-0.0|0.0|-8.283183e-06|-1.0158867e-05|-4.433263e-06
1|120|1.393883|-0.197575|-0.655714|1.846298|-0.08260104|-1.176129
1|121|1.127515|0.017307|-0.401853|1.3178126|0.52096194|-1.0111306
1|122|1.445074|-0.22976|-0.594712|1.638547|0.008342028|-1.1830939
1|123|1.081387|-0.016798|-0.485766|1.2468398|0.56226677|-1.0582093
1|124|1.430184|-0.267094|-0.670545|1.7383436|-0.060299873|-1.2856655
1|125|1.087063|0.025657|-0.42446|1.3317757|0.69745654|-1.0760596
1|126|1.064674|-0.027095|-0.611859|1.2243439|0.6809636|-1.1941872
1|127|1.091201|0.033281|-0.62539|1.3331494|0.5459828|-1.0445052
1|128|0.70273|0.258421|1.639375|0.6273817|0.3749358|1.133603
1|129|0.720031|0.356715|1.133256|0.30870384|0.6114676|0.9371156
1|130|0.648886|0.288061|1.581801|0.31848758|0.40575358|1.1459088
1|131|0.681015|0.360282|1.068766|0.19581532|0.9173802|0.6033653
1|132|0.639577|0.272061|1.68106|0.44292083|0.38552907|1.2501013
1|133|0.657228|0.375587|1.011599|0.3363829|0.95107985|0.5090314
1|134|0.919307|0.360271|1.078431|0.77786285|0.42240506|0.94663346
1|135|0.848901|0.409414|1.111966|0.33052215|0.9218588|0.6440971
1|136|-0.521274|-1.154173|-0.521585|-0.5571892|-0.9232023|-0.028334618
1|137|-0.388944|-1.673258|-0.034256|-0.34923908|-1.4805218|-0.6312922
1|138|-0.54549|-1.190177|-0.550192|-0.48600084|-1.284857|-0.21605508
1|139|-0.434637|-1.630837|-0.127515|-0.35403225|-1.5295368|-0.55819935
1|140|-0.45201|-1.233769|-0.510965|-0.6219508|-1.3483206|0.00074493885
1|141|-0.40944|-1.523956|-0.172932|-0.33502686|-1.4246644|-0.5070954
1|142|-0.255854|-1.792185|-0.296275|-0.3200218|-1.2233588|-0.33136523
1|143|-0.360353|-1.622797|-0.247698|-0.5289844|-1.3788283|-0.4304477
1|144|-1.393883|0.197575|0.655714|-1.8462949|0.08259332|1.1761218
1|145|-1.127515|-0.017307|0.401853|-1.31781|-0.52097386|1.0111336
1|146|-1.445074|0.22976|0.594712|-1.6385347|-0.008335203|1.1830871
1|147|-1.081387|0.016798|0.485766|-1.2468289|-0.56227654|1.0582273
1|148|-1.430184|0.267094|0.670545|-1.7383467|0.060290962|1.2856606
1|149|-1.087063|-0.025657|0.42446|-1.3317814|-0.69745326|1.0760523
1|150|-1.064674|0.027095|0.611859|-1.2243347|-0.68096256|1.1941813
1|151|-1.091201|-0.033281|0.62539|-1.3331413|-0.5459789|1.0445131
1|152|-0.70273|-0.258421|-1.639375|-0.62737787|-0.3749548|-1.1336014
1|153|-0.720031|-0.356715|-1.133256|-0.30870247|-0.61147046|-0.9371095
1|154|-0.648886|-0.288061|-1.581801|-0.31848478|-0.40575734|-1.1459075
1|155|-0.681015|-0.360282|-1.068766|-0.19580886|-0.91738236|-0.60335755
1|156|-0.639577|-0.272061|-1.68106|-0.44291627|-0.38552684|-1.2500905
1|157|-0.657228|-0.375587|-1.011599|-0.33638394|-0.95107746|-0.50902677
1|158|-0.919307|-0.360271|-1.078431|-0.7778764|-0.422407|-0.94663584
1|159|-0.848901|-0.409414|-1.111966|-0.33053038|-0.9218408|-0.6440939
1|160|0.521274|1.154173|0.521585|0.55719|0.9231927|0.028336942
1|161|0.388944|1.673258|0.034256|0.34925294|1.4805195|0.63129497
1|162|0.54549|1.190177|0.550192|0.48599246|1.284861|0.21604489
1|163|0.434637|1.630837|0.127515|0.3540462|1.5295364|0.55820346
1|164|0.45201|1.233769|0.510965|0.6219438|1.3483297|-0.0007439852
1|165|0.40944|1.523956|0.172932|0.33501983|1.4246576|0.5070909
1|166|0.255854|1.792185|0.296275|0.32002306|1.223359|0.33136037
1|167|0.360353|1.622797|0.247698|0.52899134|1.3788426|0.4304434
1|168|-0.812815|1.563307|-0.999961|-0.72317344|1.7988867|-0.9251786
1|169|-0.83333|1.478629|-1.183047|-0.9024694|2.1198194|-1.3824495
1|170|-0.799709|1.568136|-0.956759|-0.801569|1.8944106|-0.8865274
1|171|-0.846637|1.574426|-1.196415|-0.92210263|2.1431231|-1.3036376
1|172|-0.817518|1.587998|-0.990764|-0.8700746|2.3253417|-1.4148166
1|173|-0.950375|1.570298|-1.133505|-1.2098577|1.9905021|-1.3256812
1|174|-0.812707|1.617876|-0.950528|-0.8132181|1.5731373|-1.0511274
1|175|-0.778065|1.462318|-0.993571|-0.7720897|2.1936817|-1.2412809
1|176|-0.24965|1.906481|-1.010568|-0.41809857|1.5201335|-1.6910894
1|177|-0.160278|1.739321|-1.016926|-0.24748313|1.7446623|-1.8076718
1|178|-0.158489|1.833835|-0.838296|-0.46015406|2.1553087|-1.4339969
1|179|-0.16455|1.837501|-0.994932|-0.024718776|1.6002457|-1.7988273
1|180|-0.33242|1.902867|-0.952096|0.09139861|1.6216834|-1.3749027
1|181|-0.178087|1.796862|-1.024869|-0.16139562|1.706388|-1.7778139
1|182|-0.276094|1.882954|-0.894261|-0.5274943|1.5010763|-1.3117435
1|183|-0.188423|1.711194|-1.01875|-0.20328164|1.6497786|-1.6733186
1|184|0.024229|-1.119764|0.664117|-0.114220634|-0.9862276|0.29323584
1|185|0.136677|-0.973473|0.635801|0.1721484|-0.60663056|1.1541276
1|186|0.008275|-1.123842|0.653257|-0.27400824|-0.58606684|0.48309836
1|187|0.024591|-1.116467|0.705527|-0.016002|-0.791837|0.80122316
1|188|0.048177|-1.043697|0.628736|-0.17773676|-0.9928417|0.32545635
1|189|0.145107|-1.115403|0.677119|0.20635195|-0.65858924|1.094686
1|190|0.051587|-1.100941|0.637376|0.30022687|-0.8519529|0.5790628
1|191|0.14421|-1.083202|0.735562|0.3792444|-0.5745865|0.8901614
1|192|0.812815|-1.563307|0.999961|0.7231815|-1.7988816|0.9251817
1|193|0.83333|-1.478629|1.183047|0.9024717|-2.1198204|1.3824496
1|194|0.799709|-1.568136|0.956759|0.8015634|-1.8944056|0.88652647
1|195|0.846637|-1.574426|1.196415|0.9221034|-2.1431298|1.3036447
1|196|0.817518|-1.587998|0.990764|0.8700654|-2.3253295|1.414818
1|197|0.950375|-1.570298|1.133505|1.2098513|-1.9904917|1.3256861
1|198|0.812707|-1.617876|0.950528|0.81320727|-1.5731294|1.0511327
1|199|0.778065|-1.462318|0.993571|0.7720992|-2.1936789|1.2412887
1|200|0.24965|-1.906481|1.010568|0.41810387|-1.5201305|1.6910832
1|201|0.160278|-1.739321|1.016926|0.24749367|-1.7446558|1.8076684
1|202|0.158489|-1.833835|0.838296|0.46015385|-2.1553035|1.4339967
1|203|0.16455|-1.837501|0.994932|0.024728663|-1.6002471|1.7988224
1|204|0.33242|-1.902867|0.952096|-0.09140558|-1.6216729|1.374893
1|205|0.178087|-1.796862|1.024869|0.1613987|-1.7063705|1.7777953
1|206|0.276094|-1.882954|0.894261|0.5274999|-1.5010731|1.3117332
1|207|0.188423|-1.711194|1.01875|0.20328397|-1.649787|1.6733198
1|208|-0.024229|1.119764|-0.664117|0.114228174|0.9862281|-0.29324016
1|209|-0.136677|0.973473|-0.635801|-0.17214575|0.6066332|-1.1541193
1|210|-0.008275|1.123842|-0.653257|0.2739914|0.5860677|-0.48309904
1|211|-0.024591|1.116467|-0.705527|0.015990466|0.7918277|-0.80122346
1|212|-0.048177|1.043697|-0.628736|0.17772257|0.9928446|-0.32545856
1|213|-0.145107|1.115403|-0.677119|-0.2063472|0.65857327|-1.0946854
1|214|-0.051587|1.100941|-0.637376|-0.30024898|0.8519491|-0.57906806
1|215|-0.14421|1.083202|-0.735562|-0.37923902|0.5745757|-0.89015436
1|216|-0.0|-0.0|0.0|-1.4838879e-06|-2.1047017e-06|2.4368346e-06
1|217|-0.0|-0.0|0.0|-2.8144568e-06|2.1508313e-06|-2.6896596e-06
1|218|-0.0|-0.0|0.0|5.5716373e-07|-1.8058345e-06|-3.7718564e-07
1|219|-0.0|-0.0|0.0|5.8282167e-06|4.312955e-06|3.1148375e-06
1|220|-0.0|-0.0|0.0|-9.354379e-06|-6.766233e-06|-3.7346035e-06
1|221|-2.308916|1.206255|-1.562641|-2.513181|1.6202663|-1.6987921
1|222|-2.178223|1.687602|-1.699031|-2.5876353|1.8072724|-1.7407502
1|223|-2.30129|1.183312|-1.541341|-2.4488652|1.7976434|-1.8878245
1|224|-2.245594|1.734434|-1.660436|-2.7376657|1.7043047|-1.9024596
1|225|-2.386634|1.304413|-1.619824|-2.5788407|1.6923583|-1.8090689
1|226|-2.237861|1.648579|-1.629706|-2.5615535|1.7356726|-1.9792479
1|227|-2.296089|1.778876|-1.430358|-2.7574081|2.0439239|-1.2798789
1|228|-2.23943|1.651805|-1.446263|-2.7031505|1.8810121|-1.2784933
1|229|2.308916|-1.206255|1.562641|2.513182|-1.6202612|1.6987795
1|230|2.178223|-1.687602|1.699031|2.5876322|-1.8072711|1.7407489
1|231|2.30129|-1.183312|1.541341|2.4488616|-1.7976406|1.8878198
1|232|2.245594|-1.734434|1.660436|2.7376628|-1.7043164|1.9024701
1|233|2.386634|-1.304413|1.619824|2.578851|-1.692348|1.8090737
1|234|2.237861|-1.648579|1.629706|2.5615544|-1.7356648|1.9792559
1|235|2.296089|-1.778876|1.430358|2.7574058|-2.043926|1.2798841
1|236|2.23943|-1.651805|1.446263|2.7031388|-1.8810291|1.2784925
1|237|-0.0|-0.0|0.0|1.0505319e-06|4.513713e-07|6.660266e-07
1|238|-0.0|-0.0|0.0|2.7539209e-06|2.416782e-07|-3.1989957e-06
1|239|-0.0|-0.0|0.0|-8.208677e-06|-1.0410789e-05|-4.2807983e-06
2|240|1.393883|-0.197575|-0.655714|1.8462982|-0.08260077|-1.1761292
2|241|1.127515|0.017307|-0.401853|1.3178126|0.52096176|-1.01113
2|242|1.445074|-0.22976|-0.594712|1.638547|0.008342117|-1.1830934
2|243|1.081387|-0.016798|-0.485766|1.24684|0.5622667|-1.0582087
2|244|1.430184|-0.267094|-0.670545|1.738344|-0.060299948|-1.2856653
2|245|1.087063|0.025657|-0.42446|1.3317759|0.6974564|-1.0760596
2|246|1.064674|-0.027095|-0.611859|1.2243439|0.6809635|-1.1941872
2|247|1.091201|0.033281|-0.62539|1.3331493|0.5459827|-1.0445051
2|248|0.70273|0.258421|1.639375|0.6273813|0.37493593|1.133603
2|249|0.720031|0.356715|1.133256|0.30870402|0.61146766|0.93711555
2|250|0.648886|0.288061|1.581801|0.3184874|0.4057536|1.145909
2|251|0.681015|0.360282|1.068766|0.19581532|0.9173801|0.6033653
2|252|0.639577|0.272061|1.68106|0.44292054|0.3855292|1.2501016
2|253|0.657228|0.375587|1.011599|0.33638301|0.9510797|0.5090314
2|254|0.919307|0.360271|1.078431|0.77786267|0.42240497|0.9466337
2|255|0.848901|0.409414|1.111966|0.33052218|0.9218592|0.6440971
2|256|-0.521274|-1.154173|-0.521585|-0.5571892|-0.923202|-0.0283342
2|257|-0.388944|-1.673258|-0.034256|-0.3492393|-1.4805222|-0.6312916
2|258|-0.54549|-1.190177|-0.550192|-0.48600098|-1.2848568|-0.21605498
2|259|-0.434637|-1.630837|-0.127515|-0.3540324|-1.5295368|-0.55819964
2|260|-0.45201|-1.233769|-0.510965|-0.62195075|-1.3483207|0.00074511766
2|261|-0.40944|-1.523956|-0.172932|-0.33502686|-1.4246649|-0.50709546
2|262|-0.255854|-1.792185|-0.296275|-0.32002193|-1.2233588|-0.3313653
2|263|-0.360353|-1.622797|-0.247698|-0.52898425|-1.378828|-0.43044758
2|264|-1.393883|0.197575|0.655714|-1.8462951|0.082592994|1.1761209
2|265|-1.127515|-0.017307|0.401853|-1.3178098|-0.52097374|1.0111337
2|266|-1.445074|0.22976|0.594712|-1.6385345|-0.008334935|1.1830873
2|267|-1.081387|0.016798|0.485766|-1.2468288|-0.56227636|1.0582272
2|268|-1.430184|0.267094|0.670545|-1.7383468|0.060290962|1.2856599
2|269|-1.087063|-0.025657|0.42446|-1.3317813|-0.6974532|1.0760523
2|270|-1.064674|0.027095|0.611859|-1.2243348|-0.6809624|1.194181
2|271|-1.091201|-0.033281|0.62539|-1.3331413|-0.54597896|1.0445131
2|272|-0.70273|-0.258421|-1.639375|-0.62737775|-0.37495482|-1.1336015
2|273|-0.720031|-0.356715|-1.133256|-0.30870306|-0.61147046|-0.93710965
2|274|-0.648886|-0.288061|-1.581801|-0.31848514|-0.40575758|-1.1459072
2|275|-0.681015|-0.360282|-1.068766|-0.19580884|-0.9173826|-0.6033574
2|276|-0.639577|-0.272061|-1.68106|-0.4429165|-0.385527|-1.2500907
2|277|-0.657228|-0.375587|-1.011599|-0.3363838|-0.95107764|-0.50902665
2|278|-0.919307|-0.360271|-1.078431|-0.77787644|-0.4224074|-0.9466358
2|279|-0.848901|-0.409414|-1.111966|-0.33053026|-0.92184067|-0.644094
2|280|0.521274|1.154173|0.521585|0.55719036|0.9231926|0.028337002
2|281|0.388944|1.673258|0.034256|0.349253|1.4805195|0.631295
2|282|0.54549|1.190177|0.550192|0.48599273|1.2848611|0.21604475
2|283|0.434637|1.630837|0.127515|0.35404658|1.5295358|0.5582033
2|284|0.45201|1.233769|0.510965|0.6219438|1.3483298|-0.000744015
2|285|0.40944|1.523956|0.172932|0.33501968|1.4246577|0.507091
2|286|0.255854|1.792185|0.296275|0.32002276|1.2233595|0.33136007
2|287|0.360353|1.622797|0.247698|0.5289913|1.3788424|0.43044317
2|288|-0.812815|1.563307|-0.999961|-0.7231735|1.7988868|-0.9251784
2|289|-0.83333|1.478629|-1.183047|-0.90246916|2.1198196|-1.3824493
2|290|-0.799709|1.568136|-0.956759|-0.801569|1.8944106|-0.8865277
2|291|-0.846637|1.574426|-1.196415|-0.92210245|2.1431231|-1.3036377
2|292|-0.817518|1.587998|-0.990764|-0.87007475|2.325341|-1.4148166
2|293|-0.950375|1.570298|-1.133505|-1.2098577|1.9905021|-1.3256809
2|294|-0.812707|1.617876|-0.950528|-0.8132179|1.5731375|-1.051127
2|295|-0.778065|1.462318|-0.993571|-0.7720895|2.1936815|-1.2412809
2|296|-0.24965|1.906481|-1.010568|-0.41809815|1.5201333|-1.6910894
2|297|-0.160278|1.739321|-1.016926|-0.24748307|1.7446625|-1.8076723
2|298|-0.158489|1.833835|-0.838296|-0.46015394|2.1553092|-1.4339962
2|299|-0.16455|1.837501|-0.994932|-0.024718761|1.6002452|-1.7988269
2|300|-0.33242|1.902867|-0.952096|0.091398776|1.6216831|-1.374903
2|301|-0.178087|1.796862|-1.024869|-0.16139567|1.7063885|-1.7778132
2|302|-0.276094|1.882954|-0.894261|-0.52749425|1.5010762|-1.3117437
2|303|-0.188423|1.711194|-1.01875|-0.20328155|1.6497781|-1.673319
2|304|0.024229|-1.119764|0.664117|-0.11422065|-0.9862276|0.29323578
2|305|0.136677|-0.973473|0.635801|0.1721485|-0.60663056|1.1541278
2|306|0.008275|-1.123842|0.653257|-0.27400824|-0.58606684|0.48309857
2|307|0.024591|-1.116467|0.705527|-0.01600194|-0.79183656|0.80122244
2|308|0.048177|-1.043697|0.628736|-0.17773679|-0.9928416|0.32545656
2|309|0.145107|-1.115403|0.677119|0.20635182|-0.65858907|1.0946865
2|310|0.051587|-1.100941|0.637376|0.30022654|-0.85195255|0.5790628
2|311|0.14421|-1.083202|0.735562|0.37924415|-0.5745864|0.8901614
2|312|0.812815|-1.563307|0.999961|0.72318155|-1.798882|0.9251819
2|313|0.83333|-1.478629|1.183047|0.90247184|-2.1198196|1.3824495
2|314|0.799709|-1.568136|0.956759|0.80156326|-1.894406|0.8865258
2|315|0.846637|-1.574426|1.196415|0.9221035|-2.1431293|1.3036444
2|316|0.817518|-1.587998|0.990764|0.8700651|-2.3253298|1.4148177
2|317|0.950375|-1.570298|1.133505|1.2098515|-1.9904914|1.3256857
2|318|0.812707|-1.617876|0.950528|0.8132074|-1.5731297|1.051133
2|319|0.778065|-1.462318|0.993571|0.772099|-2.1936784|1.2412883
2|320|0.24965|-1.906481|1.010568|0.41810396|-1.5201309|1.6910828
2|321|0.160278|-1.739321|1.016926|0.24749358|-1.7446561|1.8076688
2|322|0.158489|-1.833835|0.838296|0.4601545|-2.1553035|1.4339967
2|323|0.16455|-1.837501|0.994932|0.02472917|-1.6002467|1.7988228
2|324|0.33242|-1.902867|0.952096|-0.09140511|-1.6216726|1.374893
2|325|0.178087|-1.796862|1.024869|0.16139859|-1.7063706|1.7777958
2|326|0.276094|-1.882954|0.894261|0.5274993|-1.5010731|1.3117334
2|327|0.188423|-1.711194|1.01875|0.20328404|-1.6497874|1.6733196
2|328|-0.024229|1.119764|-0.664117|0.11422796|0.98622787|-0.2932401
2|329|-0.136677|0.973473|-0.635801|-0.17214584|0.60663307|-1.1541195
2|330|-0.008275|1.123842|-0.653257|0.27399155|0.5860678|-0.48309886
2|331|-0.024591|1.116467|-0.705527|0.015990406|0.7918279|-0.80122364
2|332|-0.048177|1.043697|-0.628736|0.17772257|0.9928442|-0.32545853
2|333|-0.145107|1.115403|-0.677119|-0.20634726|0.6585733|-1.094686
2|334|-0.051587|1.100941|-0.637376|-0.30024904|0.85194904|-0.5790683
2|335|-0.14421|1.083202|-0.735562|-0.37923878|0.5745753|-0.890154
2|336|-0.0|-0.0|0.0|-1.518114e-06|-1.9497093e-06|2.2262102e-06
2|337|-0.0|-0.0|0.0|-2.7511269e-06|2.4647452e-06|-2.7189963e-06
2|338|-0.0|-0.0|0.0|4.2840838e-07|-1.7713755e-06|-3.594905e-07
2|339|-0.0|-0.0|0.0|5.96093e-06|3.8910657e-06|3.1708623e-06
2|340|-0.0|-0.0|0.0|-9.210897e-06|-6.5476634e-06|-3.8621947e-06
2|341|-2.308916|1.206255|-1.562641|-2.513181|1.6202662|-1.6987921
2|342|-2.178223|1.687602|-1.699031|-2.5876358|1.8072722|-1.7407501
2|343|-2.30129|1.183312|-1.541341|-2.448865|1.7976432|-1.8878243
2|344|-2.245594|1.734434|-1.660436|-2.737666|1.7043045|-1.9024599
2|345|-2.386634|1.304413|-1.619824|-2.5788407|1.692359|-1.8090693
2|346|-2.237861|1.648579|-1.629706|-2.561553|1.7356726|-1.9792483
2|347|-2.296089|1.778876|-1.430358|-2.7574081|2.043924|-1.2798786
2|348|-2.23943|1.651805|-1.446263|-2.7031503|1.881012|-1.2784936
2|349|2.308916|-1.206255|1.562641|2.513182|-1.6202614|1.6987793
2|350|2.178223|-1.687602|1.699031|2.587632|-1.807271|1.740749
2|351|2.30129|-1.183312|1.541341|2.4488614|-1.7976403|1.8878196
2|352|2.245594|-1.734434|1.660436|2.7376633|-1.7043159|1.9024706
2|353|2.386634|-1.304413|1.619824|2.578851|-1.6923479|1.8090734
2|354|2.237861|-1.648579|1.629706|2.561554|-1.735665|1.9792557
2|355|2.296089|-1.778876|1.430358|2.7574058|-2.0439258|1.2798843
2|356|2.23943|-1.651805|1.446263|2.703139|-1.8810298|1.2784925
2|357|-0.0|-0.0|0.0|7.8836456e-07|2.582383e-07|3.191817e-07
2|358|-0.0|-0.0|0.0|2.566725e-06|2.1420419e-07|-3.2701491e-06
2|359|-0.0|-0.0|0.0|-8.256175e-06|-1.0309741e-05|-4.406029e-06
3|360|1.393883|-0.197575|-0.655714|1.8462985|-0.08260101|-1.1761287
3|361|1.127515|0.017307|-0.401853|1.3178122|0.5209618|-1.01113
3|362|1.445074|-0.22976|-0.594712|1.6385473|0.008341968|-1.1830932
3|363|1.081387|-0.016798|-0.485766|1.2468401|0.56226665|-1.058209
3|364|1.430184|-0.267094|-0.670545|1.7383435|-0.06029971|-1.2856655
3|365|1.087063|0.025657|-0.42446|1.3317759|0.69745654|-1.0760599
3|366|1.064674|-0.027095|-0.611859|1.2243433|0.6809636|-1.1941872
3|367|1.091201|0.033281|-0.62539|1.3331496|0.54598266|-1.0445054
3|368|0.70273|0.258421|1.639375|0.6273813|0.37493593|1.1336031
3|369|0.720031|0.356715|1.133256|0.3087039|0.6114676|0.93711555
3|370|0.648886|0.288061|1.581801|0.31848752|0.4057535|1.1459085
3|371|0.681015|0.360282|1.068766|0.19581531|0.91738003|0.60336536
3|372|0.639577|0.272061|1.68106|0.4429207|0.3855292|1.2501011
3|373|0.657228|0.375587|1.011599|0.3363831|0.9510797|0.5090312
3|374|0.919307|0.360271|1.078431|0.7778629|0.42240497|0.9466335
3|375|0.848901|0.409414|1.111966|0.3305225|0.92185897|0.6440975
3|376|-0.521274|-1.154173|-0.521585|-0.55718935|-0.9232022|-0.028334498
3|377|-0.388944|-1.673258|-0.034256|-0.3492391|-1.4805222|-0.63129175
3|378|-0.54549|-1.190177|-0.550192|-0.4860009|-1.2848573|-0.21605515
3|379|-0.434637|-1.630837|-0.127515|-0.35403234|-1.5295368|-0.5581995
3|380|-0.45201|-1.233769|-0.510965|-0.621951|-1.3483207|0.00074502826
3|381|-0.40944|-1.523956|-0.172932|-0.335027|-1.4246649|-0.50709534
3|382|-0.255854|-1.792185|-0.296275|-0.32002175|-1.2233589|-0.3313653
3|383|-0.360353|-1.622797|-0.247698|-0.5289845|-1.378828|-0.4304477
3|384|-1.393883|0.197575|0.655714|-1.8462951|0.08259326|1.1761209
3|385|-1.127515|-0.017307|0.401853|-1.31781|-0.520974|1.0111337
3|386|-1.445074|0.22976|0.594712|-1.6385345|-0.008334994|1.1830869
3|387|-1.081387|0.016798|0.485766|-1.246829|-0.5622766|1.0582273
3|388|-1.430184|0.267094|0.670545|-1.7383472|0.060290813|1.2856604
3|389|-1.087063|-0.025657|0.42446|-1.3317813|-0.6974535|1.0760527
3|390|-1.064674|0.027095|0.611859|-1.2243347|-0.6809627|1.1941814
3|391|-1.091201|-0.033281|0.62539|-1.3331412|-0.545979|1.0445131
3|392|-0.70273|-0.258421|-1.639375|-0.6273778|-0.37495497|-1.1336019
3|393|-0.720031|-0.356715|-1.133256|-0.30870238|-0.61147076|-0.9371096
3|394|-0.648886|-0.288061|-1.581801|-0.31848502|-0.40575725|-1.1459072
3|395|-0.681015|-0.360282|-1.068766|-0.19580884|-0.91738236|-0.6033575
3|396|-0.639577|-0.272061|-1.68106|-0.44291648|-0.3855268|-1.2500905
3|397|-0.657228|-0.375587|-1.011599|-0.33638358|-0.95107764|-0.5090265
3|398|-0.919307|-0.360271|-1.078431|-0.7778765|-0.42240724|-0.94663566
3|399|-0.848901|-0.409414|-1.111966|-0.33053023|-0.9218409|-0.644094
3|400|0.521274|1.154173|0.521585|0.5571905|0.9231927|0.028336883
3|401|0.388944|1.673258|0.034256|0.34925273|1.4805194|0.63129497
3|402|0.54549|1.190177|0.550192|0.48599213|1.2848611|0.21604481
3|403|0.434637|1.630837|0.127515|0.35404623|1.5295355|0.5582036
3|404|0.45201|1.233769|0.510965|0.62194383|1.3483298|-0.0007439256
3|405|0.40944|1.523956|0.172932|0.33501992|1.4246577|0.50709105
3|406|0.255854|1.792185|0.296275|0.32002285|1.2233595|0.33135983
3|407|0.360353|1.622797|0.247698|0.5289912|1.3788426|0.4304432
3|408|-0.812815|1.563307|-0.999961|-0.7231734|1.7988873|-0.92517865
3|409|-0.83333|1.478629|-1.183047|-0.9024692|2.1198196|-1.3824494
3|410|-0.799709|1.568136|-0.956759|-0.801569|1.8944104|-0.8865274
3|411|-0.846637|1.574426|-1.196415|-0.9221023|2.1431227|-1.3036377
3|412|-0.817518|1.587998|-0.990764|-0.87007475|2.3253427|-1.4148173
3|413|-0.950375|1.570298|-1.133505|-1.2098578|1.9905026|-1.3256813
3|414|-0.812707|1.617876|-0.950528|-0.8132178|1.5731375|-1.0511274
3|415|-0.778065|1.462318|-0.993571|-0.77208936|2.1936815|-1.2412809
3|416|-0.24965|1.906481|-1.010568|-0.41809857|1.5201336|-1.6910893
3|417|-0.160278|1.739321|-1.016926|-0.24748288|1.7446625|-1.807672
3|418|-0.158489|1.833835|-0.838296|-0.46015376|2.1553092|-1.4339966
3|419|-0.16455|1.837501|-0.994932|-0.024718828|1.6002448|-1.7988267
3|420|-0.33242|1.902867|-0.952096|0.091398746|1.6216834|-1.3749025
3|421|-0.178087|1.796862|-1.024869|-0.16139558|1.7063887|-1.7778128
3|422|-0.276094|1.882954|-0.894261|-0.5274943|1.5010768|-1.3117435
3|423|-0.188423|1.711194|-1.01875|-0.2032815|1.6497781|-1.6733186
3|424|0.024229|-1.119764|0.664117|-0.114220515|-0.9862274|0.29323593
3|425|0.136677|-0.973473|0.635801|0.1721484|-0.6066307|1.1541278
3|426|0.008275|-1.123842|0.653257|-0.2740081|-0.5860667|0.48309833
3|427|0.024591|-1.116467|0.705527|-0.016001761|-0.79183686|0.80122256
3|428|0.048177|-1.043697|0.628736|-0.17773691|-0.99284136|0.32545632
3|429|0.145107|-1.115403|0.677119|0.20635192|-0.65858924|1.0946862
3|430|0.051587|-1.100941|0.637376|0.30022672|-0.85195255|0.57906306
3|431|0.14421|-1.083202|0.735562|0.3792444|-0.5745864|0.89016163
3|432|0.812815|-1.563307|0.999961|0.7231811|-1.7988818|0.925182
3|433|0.83333|-1.478629|1.183047|0.9024719|-2.11982|1.3824494
3|434|0.799709|-1.568136|0.956759|0.80156344|-1.8944055|0.8865266
3|435|0.846637|-1.574426|1.196415|0.9221037|-2.1431298|1.3036449
3|436|0.817518|-1.587998|0.990764|0.87006533|-2.3253303|1.414818
3|437|0.950375|-1.570298|1.133505|1.2098513|-1.9904912|1.3256859
3|438|0.812707|-1.617876|0.950528|0.81320727|-1.5731297|1.0511333
3|439|0.778065|-1.462318|0.993571|0.7720991|-2.1936781|1.2412883
3|440|0.24965|-1.906481|1.010568|0.41810378|-1.5201306|1.691083
3|441|0.160278|-1.739321|1.016926|0.24749352|-1.7446561|1.8076684
3|442|0.158489|-1.833835|0.838296|0.460154|-2.1553035|1.4339967
3|443|0.16455|-1.837501|0.994932|0.024729066|-1.6002469|1.7988229
3|444|0.33242|-1.902867|0.952096|-0.09140538|-1.6216725|1.3748927
3|445|0.178087|-1.796862|1.024869|0.16139874|-1.7063706|1.7777956
3|446|0.276094|-1.882954|0.894261|0.52749914|-1.5010736|1.3117334
3|447|0.188423|-1.711194|1.01875|0.20328416|-1.6497874|1.67332
3|448|-0.024229|1.119764|-0.664117|0.11422811|0.9862282|-0.2932399
3|449|-0.136677|0.973473|-0.635801|-0.1721457|0.6066332|-1.154119
3|450|-0.008275|1.123842|-0.653257|0.27399158|0.58606786|-0.4830987
3|451|-0.024591|1.116467|-0.705527|0.015990376|0.791828|-0.8012234
3|452|-0.048177|1.043697|-0.628736|0.17772235|0.9928442|-0.32545862
3|453|-0.145107|1.115403|-0.677119|-0.20634732|0.6585732|-1.0946863
3|454|-0.051587|1.100941|-0.637376|-0.30024916|0.85194886|-0.5790681
3|455|-0.14421|1.083202|-0.735562|-0.37923884|0.5745755|-0.8901539
3|456|-0.0|-0.0|0.0|-1.2438395e-06|-2.066954e-06|2.2705644e-06
3|457|-0.0|-0.0|0.0|-2.9895455e-06|2.3543835e-06|-2.6896596e-06
3|458|-0.0|-0.0|0.0|5.289912e-07|-2.0363368e-06|-3.7252903e-07
3|459|-0.0|-0.0|0.0|6.0042366e-06|4.2049214e-06|3.1316886e-06
3|460|-0.0|-0.0|0.0|-9.204727e-06|-6.6324137e-06|-3.8044527e-06
3|461|-2.308916|1.206255|-1.562641|-2.5131807|1.6202662|-1.6987922
3|462|-2.178223|1.687602|-1.699031|-2.5876355|1.8072722|-1.7407503
3|463|-2.30129|1.183312|-1.541341|-2.448865|1.7976433|-1.887824
3|464|-2.245594|1.734434|-1.660436|-2.7376657|1.7043043|-1.9024599
3|465|-2.386634|1.304413|-1.619824|-2.578841|1.6923592|-1.8090694
3|466|-2.237861|1.648579|-1.629706|-2.561553|1.7356727|-1.9792476
3|467|-2.296089|1.778876|-1.430358|-2.7574086|2.0439239|-1.2798791
3|468|-2.23943|1.651805|-1.446263|-2.7031507|1.8810122|-1.2784933
3|469|2.308916|-1.206255|1.562641|2.513182|-1.6202615|1.6987793
3|470|2.178223|-1.687602|1.699031|2.5876322|-1.8072706|1.740749
3|471|2.30129|-1.183312|1.541341|2.4488611|-1.7976401|1.8878194
3|472|2.245594|-1.734434|1.660436|2.7376633|-1.7043164|1.9024701
3|473|2.386634|-1.304413|1.619824|2.5788512|-1.6923485|1.8090737
3|474|2.237861|-1.648579|1.629706|2.5615544|-1.7356653|1.9792559
3|475|2.296089|-1.778876|1.430358|2.7574058|-2.043926|1.2798845
3|476|2.23943|-1.651805|1.446263|2.7031386|-1.8810288|1.278493
3|477|-0.0|-0.0|0.0|8.2328916e-07|4.3817272e-07|4.5701745e-07
3|478|-0.0|-0.0|0.0|2.8628856e-06|3.874302e-07|-3.0906313e-06
3|479|-0.0|-0.0|0.0|-8.240342e-06|-1.0102056e-05|-4.3885457e-06
4|480|1.393883|-0.197575|-0.655714|1.846298|-0.08260083|-1.1761287
4|481|1.127515|0.017307|-0.401853|1.3178127|0.52096176|-1.0111302
4|482|1.445074|-0.22976|-0.594712|1.638547|0.008342326|-1.1830937
4|483|1.081387|-0.016798|-0.485766|1.24684|0.5622665|-1.0582087
4|484|1.430184|-0.267094|-0.670545|1.7383435|-0.060299903|-1.2856656
4|485|1.087063|0.025657|-0.42446|1.3317758|0.69745636|-1.0760597
4|486|1.064674|-0.027095|-0.611859|1.2243435|0.6809639|-1.1941872
4|487|1.091201|0.033281|-0.62539|1.3331499|0.5459826|-1.0445055
4|488|0.70273|0.258421|1.639375|0.6273811|0.37493604|1.1336031
4|489|0.720031|0.356715|1.133256|0.3087038|0.6114678|0.9371153
4|490|0.648886|0.288061|1.581801|0.31848744|0.40575364|1.1459086
4|491|0.681015|0.360282|1.068766|0.19581547|0.91738033|0.6033654
4|492|0.639577|0.272061|1.68106|0.44292074|0.38552925|1.2501013
4|493|0.657228|0.375587|1.011599|0.33638304|0.9510798|0.5090314
4|494|0.919307|0.360271|1.078431|0.77786255|0.422405|0.9466332
4|495|0.848901|0.409414|1.111966|0.33052224|0.921859|0.6440971
4|496|-0.521274|-1.154173|-0.521585|-0.55718935|-0.9232018|-0.028334677
4|497|-0.388944|-1.673258|-0.034256|-0.349239|-1.4805219|-0.63129216
4|498|-0.54549|-1.190177|-0.550192|-0.4860007|-1.2848568|-0.21605507
4|499|-0.434637|-1.630837|-0.127515|-0.35403237|-1.5295371|-0.5581995
4|500|-0.45201|-1.233769|-0.510965|-0.62195104|-1.3483205|0.00074514747
4|501|-0.40944|-1.523956|-0.172932|-0.33502695|-1.424665|-0.5070952
4|502|-0.255854|-1.792185|-0.296275|-0.32002187|-1.2233588|-0.33136526
4|503|-0.360353|-1.622797|-0.247698|-0.5289843|-1.3788282|-0.4304476
4|504|-1.393883|0.197575|0.655714|-1.8462956|0.08259323|1.1761212
4|505|-1.127515|-0.017307|0.401853|-1.3178103|-0.52097386|1.0111337
4|506|-1.445074|0.22976|0.594712|-1.6385348|-0.008334875|1.1830875
4|507|-1.081387|0.016798|0.485766|-1.2468287|-0.56227654|1.0582274
4|508|-1.430184|0.267094|0.670545|-1.7383468|0.06029086|1.2856604
4|509|-1.087063|-0.025657|0.42446|-1.3317813|-0.69745326|1.0760524
4|510|-1.064674|0.027095|0.611859|-1.2243346|-0.6809627|1.1941812
4|511|-1.091201|-0.033281|0.62539|-1.3331414|-0.5459788|1.0445132
4|512|-0.70273|-0.258421|-1.639375|-0.6273779|-0.37495464|-1.1336019
4|513|-0.720031|-0.356715|-1.133256|-0.30870238|-0.6114707|-0.93710953
4|514|-0.648886|-0.288061|-1.581801|-0.31848526|-0.40575746|-1.1459076
4|515|-0.681015|-0.360282|-1.068766|-0.19580851|-0.9173825|-0.60335755
4|516|-0.639577|-0.272061|-1.68106|-0.4429168|-0.38552678|-1.2500906
4|517|-0.657228|-0.375587|-1.011599|-0.3363837|-0.9510778|-0.50902665
4|518|-0.919307|-0.360271|-1.078431|-0.7778762|-0.4224072|-0.94663596
4|519|-0.848901|-0.409414|-1.111966|-0.3305303|-0.921841|-0.644094
4|520|0.521274|1.154173|0.521585|0.5571901|0.9231924|0.02833736
4|521|0.388944|1.673258|0.034256|0.34925288|1.4805195|0.6312951
4|522|0.54549|1.190177|0.550192|0.48599228|1.2848607|0.21604474
4|523|0.434637|1.630837|0.127515|0.35404623|1.5295354|0.5582036
4|524|0.45201|1.233769|0.510965|0.6219437|1.3483298|-0.0007440448
4|525|0.40944|1.523956|0.172932|0.33501953|1.4246577|0.5070909
4|526|0.255854|1.792185|0.296275|0.32002288|1.2233595|0.33135974
4|527|0.360353|1.622797|0.247698|0.5289912|1.3788426|0.43044326
4|528|-0.812815|1.563307|-0.999961|-0.7231734|1.798887|-0.92517877
4|529|-0.83333|1.478629|-1.183047|-0.90246904|2.1198196|-1.3824497
4|530|-0.799709|1.568136|-0.956759|-0.8015691|1.8944105|-0.8865274
4|531|-0.846637|1.574426|-1.196415|-0.92210233|2.1431231|-1.3036376
4|532|-0.817518|1.587998|-0.990764|-0.87007457|2.3253412|-1.4148166
4|533|-0.950375|1.570298|-1.133505|-1.2098576|1.9905021|-1.3256812
4|534|-0.812707|1.617876|-0.950528|-0.81321824|1.5731372|-1.051127
4|535|-0.778065|1.462318|-0.993571|-0.7720895|2.1936817|-1.241281
4|536|-0.24965|1.906481|-1.010568|-0.41809833|1.5201334|-1.6910892
4|537|-0.160278|1.739321|-1.016926|-0.24748333|1.7446623|-1.8076718
4|538|-0.158489|1.833835|-0.838296|-0.46015388|2.1553094|-1.4339963
4|539|-0.16455|1.837501|-0.994932|-0.024718523|1.6002455|-1.7988267
4|540|-0.33242|1.902867|-0.952096|0.09139861|1.6216831|-1.3749032
4|541|-0.178087|1.796862|-1.024869|-0.16139573|1.7063882|-1.7778134
4|542|-0.276094|1.882954|-0.894261|-0.5274941|1.5010765|-1.3117437
4|543|-0.188423|1.711194|-1.01875|-0.2032816|1.6497781|-1.6733186
4|544|0.024229|-1.119764|0.664117|-0.11422081|-0.9862273|0.2932357
4|545|0.136677|-0.973473|0.635801|0.17214824|-0.60663056|1.1541281
4|546|0.008275|-1.123842|0.653257|-0.27400818|-0.5860666|0.48309845
4|547|0.024591|-1.116467|0.705527|-0.016001984|-0.79183686|0.80122286
4|548|0.048177|-1.043697|0.628736|-0.17773685|-0.99284136|0.3254563
4|549|0.145107|-1.115403|0.677119|0.20635208|-0.6585891|1.0946864
4|550|0.051587|-1.100941|0.637376|0.30022687|-0.8519527|0.57906276
4|551|0.14421|-1.083202|0.735562|0.37924427|-0.5745865|0.89016116
4|552|0.812815|-1.563307|0.999961|0.7231812|-1.7988818|0.92518204
4|553|0.83333|-1.478629|1.183047|0.90247196|-2.1198204|1.3824495
4|554|0.799709|-1.568136|0.956759|0.80156326|-1.8944056|0.8865258
4|555|0.846637|-1.574426|1.196415|0.9221037|-2.1431298|1.3036444
4|556|0.817518|-1.587998|0.990764|0.87006545|-2.3253298|1.4148182
4|557|0.950375|-1.570298|1.133505|1.2098516|-1.9904914|1.3256865
4|558|0.812707|-1.617876|0.950528|0.81320745|-1.5731295|1.0511332
4|559|0.778065|-1.462318|0.993571|0.7720989|-2.1936784|1.2412885
4|560|0.24965|-1.906481|1.010568|0.41810408|-1.5201304|1.691083
4|561|0.160278|-1.739321|1.016926|0.2474936|-1.7446562|1.8076687
4|562|0.158489|-1.833835|0.838296|0.4601537|-2.155303|1.4339967
4|563|0.16455|-1.837501|0.994932|0.024729215|-1.600247|1.7988229
4|564|0.33242|-1.902867|0.952096|-0.09140524|-1.6216732|1.3748928
4|565|0.178087|-1.796862|1.024869|0.16139852|-1.7063701|1.7777956
4|566|0.276094|-1.882954|0.894261|0.5274996|-1.5010738|1.311733
4|567|0.188423|-1.711194|1.01875|0.20328411|-1.6497871|1.67332
4|568|-0.024229|1.119764|-0.664117|0.11422828|0.9862281|-0.29323998
4|569|-0.136677|0.973473|-0.635801|-0.17214593|0.6066332|-1.1541191
4|570|-0.008275|1.123842|-0.653257|0.2739915|0.5860677|-0.48309898
4|571|-0.024591|1.116467|-0.705527|0.015990466|0.79182816|-0.8012233
4|572|-0.048177|1.043697|-0.628736|0.17772244|0.99284446|-0.32545868
4|573|-0.145107|1.115403|-0.677119|-0.20634727|0.65857357|-1.094686
4|574|-0.051587|1.100941|-0.637376|-0.30024895|0.85194933|-0.5790682
4|575|-0.14421|1.083202|-0.735562|-0.3792389|0.57457566|-0.890154
4|576|-0.0|-0.0|0.0|-1.3952813e-06|-2.1006708e-06|2.350076e-06
4|577|-0.0|-0.0|0.0|-2.719462e-06|2.3900066e-06|-2.5518239e-06
4|578|-0.0|-0.0|0.0|5.2302494e-07|-1.8680585e-06|-2.6240014e-07
4|579|-0.0|-0.0|0.0|5.9518497e-06|4.3823384e-06|3.2378302e-06
4|580|-0.0|-0.0|0.0|-9.205891e-06|-6.8703666e-06|-3.7429854e-06
4|581|-2.308916|1.206255|-1.562641|-2.5131807|1.6202667|-1.698792
4|582|-2.178223|1.687602|-1.699031|-2.5876353|1.8072724|-1.7407506
4|583|-2.30129|1.183312|-1.541341|-2.4488647|1.797643|-1.8878243
4|584|-2.245594|1.734434|-1.660436|-2.7376652|1.7043042|-1.9024601
4|585|-2.386634|1.304413|-1.619824|-2.5788407|1.6923589|-1.8090692
4|586|-2.237861|1.648579|-1.629706|-2.5615535|1.735673|-1.9792483
4|587|-2.296089|1.778876|-1.430358|-2.7574089|2.0439243|-1.2798786
4|588|-2.23943|1.651805|-1.446263|-2.7031507|1.881013|-1.2784938
4|589|2.308916|-1.206255|1.562641|2.513182|-1.6202621|1.6987796
4|590|2.178223|-1.687602|1.699031|2.5876322|-1.8072715|1.7407494
4|591|2.30129|-1.183312|1.541341|2.4488614|-1.7976406|1.88782
4|592|2.245594|-1.734434|1.660436|2.737663|-1.7043164|1.9024704
4|593|2.386634|-1.304413|1.619824|2.5788515|-1.6923485|1.8090733
4|594|2.237861|-1.648579|1.629706|2.5615547|-1.7356653|1.9792562
4|595|2.296089|-1.778876|1.430358|2.757406|-2.0439258|1.2798845
4|596|2.23943|-1.651805|1.446263|2.7031388|-1.8810292|1.2784925
4|597|-0.0|-0.0|0.0|8.456409e-07|4.77492e-07|1.1108932e-07
4|598|-0.0|-0.0|0.0|2.6943162e-06|1.44355e-07|-3.2960615e-06
4|599|-0.0|-0.0|0.0|-8.355826e-06|-1.0087155e-05|-4.545218e-06
